// Jest Snapshot v1, https://goo.gl/fbAQLP

exports[`<Nav /> 1. Renders minimal nav when signed out 1`] = `
<div>
  <ul
    class="NavStyles-sc-11c0d2g-0 hfomMu"
  >
    <a
      href="/products"
    >
      Products
    </a>
    <a
      href="/signin"
    >
      Sign In
    </a>
  </ul>
</div>
`;

exports[`<Nav /> 1. Renders signed in nav  1`] = `
<div>
  <ul
    class="NavStyles-sc-11c0d2g-0 hfomMu"
  >
    <a
      href="/products"
    >
      Products
    </a>
    <a
      href="/sell"
    >
      Sell
    </a>
    <a
      href="/orders"
    >
      Orders
    </a>
    <a
      href="/account"
    >
      Account
    </a>
    <button
      type="button"
    >
      Log Out
    </button>
    <button
      type="button"
    >
      Cart
      <span
        class="CartCount__AnimationStyles-sc-xxvp4g-1 bNVMoB"
      >
        <div>
          <div
            class="CartCount__Dot-sc-xxvp4g-0 iephzA count"
          >
            0
          </div>
        </div>
      </span>
    </button>
  </ul>
</div>
`;

exports[`<Nav /> 2. Renders signed in nav  1`] = `
<div>
  <ul
    class="NavStyles-sc-11c0d2g-0 hfomMu"
  >
    <a
      href="/products"
    >
      Products
    </a>
    <a
      href="/sell"
    >
      Sell
    </a>
    <a
      href="/orders"
    >
      Orders
    </a>
    <a
      href="/account"
    >
      Account
    </a>
    <button
      type="button"
    >
      Log Out
    </button>
    <button
      type="button"
    >
      Cart
      <span
        class="CartCount__AnimationStyles-sc-xxvp4g-1 bNVMoB"
      >
        <div>
          <div
            class="CartCount__Dot-sc-xxvp4g-0 iephzA count"
          >
            0
          </div>
        </div>
      </span>
    </button>
  </ul>
</div>
`;

exports[`<Nav /> 3. Renders the amount of items in cart  1`] = `
<div>
  <ul
    class="NavStyles-sc-11c0d2g-0 hfomMu"
  >
    <a
      href="/products"
    >
      Products
    </a>
    <a
      href="/sell"
    >
      Sell
    </a>
    <a
      href="/orders"
    >
      Orders
    </a>
    <a
      href="/account"
    >
      Account
    </a>
    <button
      type="button"
    >
      Log Out
    </button>
    <button
      type="button"
    >
      Cart
      <span
        class="CartCount__AnimationStyles-sc-xxvp4g-1 bNVMoB"
      >
        <div>
          <div
            class="CartCount__Dot-sc-xxvp4g-0 iephzA count"
          >
            3
          </div>
        </div>
      </span>
    </button>
  </ul>
</div>
`;
