// Jest Snapshot v1, https://goo.gl/fbAQLP

exports[`<Pagination /> 2. Renders pagination for 18 items 1`] = `
<div>
  <div
    class="PaginationStyles-sc-aduuar-0 ZXaJx"
    data-testid="pagination"
  >
    <a
      aria-disabled="true"
      href="/products/0"
    >
      ← Prev
    </a>
    <p>
      Page 
      1
       of 
      5
       
    </p>
    <p>
      18
       items in Total
    </p>
    <a
      aria-disabled="false"
      href="/products/2"
    >
      Next →
    </a>
  </div>
</div>
`;
