// Jest Snapshot v1, https://goo.gl/fbAQLP

exports[`<RequestReset /> 1. renders and matches snapshot 1`] = `
<div>
  <form
    class="Form-sc-1xszr8q-0 iaUpjc"
    method="POST"
  >
    <h2>
      Reset Password
    </h2>
    <fieldset
      aria-busy="false"
      class="inputs-subgrid"
    >
      <label
        for="email"
      >
        Email
        <input
          autocomplete="email"
          name="email"
          placeholder="x@x.com"
          type="email"
          value=""
        />
      </label>
      <button
        type="submit"
      >
        Reset
      </button>
    </fieldset>
  </form>
</div>
`;
